Archive member included to satisfy reference by file (symbol)

../Core/Lib\libarm_cortexM4lf_math.a(arm_sin_f32.o)
                              ./Core/Src/asmTranscendental.o (arm_sin_f32)
../Core/Lib\libarm_cortexM4lf_math.a(arm_cos_f32.o)
                              ./Core/Src/asmTranscendental.o (arm_cos_f32)
../Core/Lib\libarm_cortexM4lf_math.a(arm_common_tables.o)
                              ../Core/Lib\libarm_cortexM4lf_math.a(arm_sin_f32.o) (sinTable_f32)
C:/ST/STM32CubeIDE_1.13.1/STM32CubeIDE/plugins/com.st.stm32cube.ide.mcu.externaltools.gnu-tools-for-stm32.11.3.rel1.win32_1.1.0.202305231506/tools/bin/../lib/gcc/arm-none-eabi/11.3.1/../../../../arm-none-eabi/lib/thumb/v7e-m+fp/hard\libc_nano.a(libc_a-exit.o)
                              C:/ST/STM32CubeIDE_1.13.1/STM32CubeIDE/plugins/com.st.stm32cube.ide.mcu.externaltools.gnu-tools-for-stm32.11.3.rel1.win32_1.1.0.202305231506/tools/bin/../lib/gcc/arm-none-eabi/11.3.1/../../../../arm-none-eabi/lib/thumb/v7e-m+fp/hard/crt0.o (exit)
C:/ST/STM32CubeIDE_1.13.1/STM32CubeIDE/plugins/com.st.stm32cube.ide.mcu.externaltools.gnu-tools-for-stm32.11.3.rel1.win32_1.1.0.202305231506/tools/bin/../lib/gcc/arm-none-eabi/11.3.1/../../../../arm-none-eabi/lib/thumb/v7e-m+fp/hard\libc_nano.a(libc_a-findfp.o)
                              C:/ST/STM32CubeIDE_1.13.1/STM32CubeIDE/plugins/com.st.stm32cube.ide.mcu.externaltools.gnu-tools-for-stm32.11.3.rel1.win32_1.1.0.202305231506/tools/bin/../lib/gcc/arm-none-eabi/11.3.1/../../../../arm-none-eabi/lib/thumb/v7e-m+fp/hard\libc_nano.a(libc_a-exit.o) (__stdio_exit_handler)
C:/ST/STM32CubeIDE_1.13.1/STM32CubeIDE/plugins/com.st.stm32cube.ide.mcu.externaltools.gnu-tools-for-stm32.11.3.rel1.win32_1.1.0.202305231506/tools/bin/../lib/gcc/arm-none-eabi/11.3.1/../../../../arm-none-eabi/lib/thumb/v7e-m+fp/hard\libc_nano.a(libc_a-fwalk.o)
                              C:/ST/STM32CubeIDE_1.13.1/STM32CubeIDE/plugins/com.st.stm32cube.ide.mcu.externaltools.gnu-tools-for-stm32.11.3.rel1.win32_1.1.0.202305231506/tools/bin/../lib/gcc/arm-none-eabi/11.3.1/../../../../arm-none-eabi/lib/thumb/v7e-m+fp/hard\libc_nano.a(libc_a-findfp.o) (_fwalk_sglue)
C:/ST/STM32CubeIDE_1.13.1/STM32CubeIDE/plugins/com.st.stm32cube.ide.mcu.externaltools.gnu-tools-for-stm32.11.3.rel1.win32_1.1.0.202305231506/tools/bin/../lib/gcc/arm-none-eabi/11.3.1/../../../../arm-none-eabi/lib/thumb/v7e-m+fp/hard\libc_nano.a(libc_a-stdio.o)
                              C:/ST/STM32CubeIDE_1.13.1/STM32CubeIDE/plugins/com.st.stm32cube.ide.mcu.externaltools.gnu-tools-for-stm32.11.3.rel1.win32_1.1.0.202305231506/tools/bin/../lib/gcc/arm-none-eabi/11.3.1/../../../../arm-none-eabi/lib/thumb/v7e-m+fp/hard\libc_nano.a(libc_a-findfp.o) (__sread)
C:/ST/STM32CubeIDE_1.13.1/STM32CubeIDE/plugins/com.st.stm32cube.ide.mcu.externaltools.gnu-tools-for-stm32.11.3.rel1.win32_1.1.0.202305231506/tools/bin/../lib/gcc/arm-none-eabi/11.3.1/../../../../arm-none-eabi/lib/thumb/v7e-m+fp/hard\libc_nano.a(libc_a-memset.o)
                              C:/ST/STM32CubeIDE_1.13.1/STM32CubeIDE/plugins/com.st.stm32cube.ide.mcu.externaltools.gnu-tools-for-stm32.11.3.rel1.win32_1.1.0.202305231506/tools/bin/../lib/gcc/arm-none-eabi/11.3.1/../../../../arm-none-eabi/lib/thumb/v7e-m+fp/hard/crt0.o (memset)
C:/ST/STM32CubeIDE_1.13.1/STM32CubeIDE/plugins/com.st.stm32cube.ide.mcu.externaltools.gnu-tools-for-stm32.11.3.rel1.win32_1.1.0.202305231506/tools/bin/../lib/gcc/arm-none-eabi/11.3.1/../../../../arm-none-eabi/lib/thumb/v7e-m+fp/hard\libc_nano.a(libc_a-closer.o)
                              C:/ST/STM32CubeIDE_1.13.1/STM32CubeIDE/plugins/com.st.stm32cube.ide.mcu.externaltools.gnu-tools-for-stm32.11.3.rel1.win32_1.1.0.202305231506/tools/bin/../lib/gcc/arm-none-eabi/11.3.1/../../../../arm-none-eabi/lib/thumb/v7e-m+fp/hard\libc_nano.a(libc_a-stdio.o) (_close_r)
C:/ST/STM32CubeIDE_1.13.1/STM32CubeIDE/plugins/com.st.stm32cube.ide.mcu.externaltools.gnu-tools-for-stm32.11.3.rel1.win32_1.1.0.202305231506/tools/bin/../lib/gcc/arm-none-eabi/11.3.1/../../../../arm-none-eabi/lib/thumb/v7e-m+fp/hard\libc_nano.a(libc_a-reent.o)
                              C:/ST/STM32CubeIDE_1.13.1/STM32CubeIDE/plugins/com.st.stm32cube.ide.mcu.externaltools.gnu-tools-for-stm32.11.3.rel1.win32_1.1.0.202305231506/tools/bin/../lib/gcc/arm-none-eabi/11.3.1/../../../../arm-none-eabi/lib/thumb/v7e-m+fp/hard\libc_nano.a(libc_a-closer.o) (errno)
C:/ST/STM32CubeIDE_1.13.1/STM32CubeIDE/plugins/com.st.stm32cube.ide.mcu.externaltools.gnu-tools-for-stm32.11.3.rel1.win32_1.1.0.202305231506/tools/bin/../lib/gcc/arm-none-eabi/11.3.1/../../../../arm-none-eabi/lib/thumb/v7e-m+fp/hard\libc_nano.a(libc_a-impure.o)
                              C:/ST/STM32CubeIDE_1.13.1/STM32CubeIDE/plugins/com.st.stm32cube.ide.mcu.externaltools.gnu-tools-for-stm32.11.3.rel1.win32_1.1.0.202305231506/tools/bin/../lib/gcc/arm-none-eabi/11.3.1/../../../../arm-none-eabi/lib/thumb/v7e-m+fp/hard\libc_nano.a(libc_a-reent.o) (_impure_ptr)
[...]
Memory Configuration

Name             Origin             Length             Attributes
RAM              0x0000000020000000 0x00000000000a0000 xrw
RAM2             0x0000000010000000 0x0000000000010000 xrw
RAM3             0x0000000020040000 0x0000000000060000 xrw
FLASH            0x0000000008000000 0x0000000000200000 xr
*default*        0x0000000000000000 0xffffffffffffffff

Linker script and memory map

LOAD C:/ST/STM32CubeIDE_1.13.1/STM32CubeIDE/plugins/com.st.stm32cube.ide.mcu.externaltools.gnu-tools-for-stm32.11.3.rel1.win32_1.1.0.202305231506/tools/bin/../lib/gcc/arm-none-eabi/11.3.1/thumb/v7e-m+fp/hard/crti.o
LOAD C:/ST/STM32CubeIDE_1.13.1/STM32CubeIDE/plugins/com.st.stm32cube.ide.mcu.externaltools.gnu-tools-for-stm32.11.3.rel1.win32_1.1.0.202305231506/tools/bin/../lib/gcc/arm-none-eabi/11.3.1/thumb/v7e-m+fp/hard/crtbegin.o
LOAD C:/ST/STM32CubeIDE_1.13.1/STM32CubeIDE/plugins/com.st.stm32cube.ide.mcu.externaltools.gnu-tools-for-stm32.11.3.rel1.win32_1.1.0.202305231506/tools/bin/../lib/gcc/arm-none-eabi/11.3.1/../../../../arm-none-eabi/lib/thumb/v7e-m+fp/hard/crt0.o
LOAD ./Core/Src/asmSqrt.o
LOAD ./Core/Src/asmTranscendental.o
LOAD ./Core/Src/asmmax.o
LOAD ./Core/Src/c_sqrt.o
LOAD ./Core/Src/c_trans.o
LOAD ./Core/Src/cmax.o
LOAD ./Core/Src/main.o
LOAD ./Core/Src/stm32l4xx_hal_msp.o
LOAD ./Core/Src/stm32l4xx_it.o
LOAD ./Core/Src/syscalls.o
LOAD ./Core/Src/sysmem.o
LOAD ./Core/Src/system_stm32l4xx.o
LOAD ./Core/Src/test.o
LOAD ./Core/Startup/startup_stm32l4s5vitx.o
LOAD ./Drivers/STM32L4xx_HAL_Driver/Src/stm32l4xx_hal.o
LOAD ./Drivers/STM32L4xx_HAL_Driver/Src/stm32l4xx_hal_cortex.o
LOAD ./Drivers/STM32L4xx_HAL_Driver/Src/stm32l4xx_hal_dma.o
LOAD ./Drivers/STM32L4xx_HAL_Driver/Src/stm32l4xx_hal_dma_ex.o
LOAD ./Drivers/STM32L4xx_HAL_Driver/Src/stm32l4xx_hal_exti.o
LOAD ./Drivers/STM32L4xx_HAL_Driver/Src/stm32l4xx_hal_flash.o
LOAD ./Drivers/STM32L4xx_HAL_Driver/Src/stm32l4xx_hal_flash_ex.o
LOAD ./Drivers/STM32L4xx_HAL_Driver/Src/stm32l4xx_hal_flash_ramfunc.o
LOAD ./Drivers/STM32L4xx_HAL_Driver/Src/stm32l4xx_hal_gpio.o
LOAD ./Drivers/STM32L4xx_HAL_Driver/Src/stm32l4xx_hal_pwr.o
LOAD ./Drivers/STM32L4xx_HAL_Driver/Src/stm32l4xx_hal_pwr_ex.o
LOAD ./Drivers/STM32L4xx_HAL_Driver/Src/stm32l4xx_hal_rcc.o
LOAD ./Drivers/STM32L4xx_HAL_Driver/Src/stm32l4xx_hal_rcc_ex.o
LOAD ./Drivers/STM32L4xx_HAL_Driver/Src/stm32l4xx_hal_tim.o
LOAD ./Drivers/STM32L4xx_HAL_Driver/Src/stm32l4xx_hal_tim_ex.o
LOAD ../Core/Lib\libarm_cortexM4lf_math.a
START GROUP
LOAD C:/ST/STM32CubeIDE_1.13.1/STM32CubeIDE/plugins/com.st.stm32cube.ide.mcu.externaltools.gnu-tools-for-stm32.11.3.rel1.win32_1.1.0.202305231506/tools/bin/../lib/gcc/arm-none-eabi/11.3.1/../../../../arm-none-eabi/lib/thumb/v7e-m+fp/hard\libc_nano.a
LOAD C:/ST/STM32CubeIDE_1.13.1/STM32CubeIDE/plugins/com.st.stm32cube.ide.mcu.externaltools.gnu-tools-for-stm32.11.3.rel1.win32_1.1.0.202305231506/tools/bin/../lib/gcc/arm-none-eabi/11.3.1/../../../../arm-none-eabi/lib/thumb/v7e-m+fp/hard\libm.a
END GROUP
START GROUP
LOAD C:/ST/STM32CubeIDE_1.13.1/STM32CubeIDE/plugins/com.st.stm32cube.ide.mcu.externaltools.gnu-tools-for-stm32.11.3.rel1.win32_1.1.0.202305231506/tools/bin/../lib/gcc/arm-none-eabi/11.3.1/thumb/v7e-m+fp/hard\libgcc.a
LOAD C:/ST/STM32CubeIDE_1.13.1/STM32CubeIDE/plugins/com.st.stm32cube.ide.mcu.externaltools.gnu-tools-for-stm32.11.3.rel1.win32_1.1.0.202305231506/tools/bin/../lib/gcc/arm-none-eabi/11.3.1/../../../../arm-none-eabi/lib/thumb/v7e-m+fp/hard\libc_nano.a
END GROUP
START GROUP
LOAD C:/ST/STM32CubeIDE_1.13.1/STM32CubeIDE/plugins/com.st.stm32cube.ide.mcu.externaltools.gnu-tools-for-stm32.11.3.rel1.win32_1.1.0.202305231506/tools/bin/../lib/gcc/arm-none-eabi/11.3.1/thumb/v7e-m+fp/hard\libgcc.a
LOAD C:/ST/STM32CubeIDE_1.13.1/STM32CubeIDE/plugins/com.st.stm32cube.ide.mcu.externaltools.gnu-tools-for-stm32.11.3.rel1.win32_1.1.0.202305231506/tools/bin/../lib/gcc/arm-none-eabi/11.3.1/../../../../arm-none-eabi/lib/thumb/v7e-m+fp/hard\libc_nano.a
LOAD C:/ST/STM32CubeIDE_1.13.1/STM32CubeIDE/plugins/com.st.stm32cube.ide.mcu.externaltools.gnu-tools-for-stm32.11.3.rel1.win32_1.1.0.202305231506/tools/bin/../lib/gcc/arm-none-eabi/11.3.1/../../../../arm-none-eabi/lib/thumb/v7e-m+fp/hard\libnosys.a
END GROUP
START GROUP
LOAD C:/ST/STM32CubeIDE_1.13.1/STM32CubeIDE/plugins/com.st.stm32cube.ide.mcu.externaltools.gnu-tools-for-stm32.11.3.rel1.win32_1.1.0.202305231506/tools/bin/../lib/gcc/arm-none-eabi/11.3.1/thumb/v7e-m+fp/hard\libgcc.a
LOAD C:/ST/STM32CubeIDE_1.13.1/STM32CubeIDE/plugins/com.st.stm32cube.ide.mcu.externaltools.gnu-tools-for-stm32.11.3.rel1.win32_1.1.0.202305231506/tools/bin/../lib/gcc/arm-none-eabi/11.3.1/../../../../arm-none-eabi/lib/thumb/v7e-m+fp/hard\libc_nano.a
LOAD C:/ST/STM32CubeIDE_1.13.1/STM32CubeIDE/plugins/com.st.stm32cube.ide.mcu.externaltools.gnu-tools-for-stm32.11.3.rel1.win32_1.1.0.202305231506/tools/bin/../lib/gcc/arm-none-eabi/11.3.1/../../../../arm-none-eabi/lib/thumb/v7e-m+fp/hard\libnosys.a
END GROUP
LOAD C:/ST/STM32CubeIDE_1.13.1/STM32CubeIDE/plugins/com.st.stm32cube.ide.mcu.externaltools.gnu-tools-for-stm32.11.3.rel1.win32_1.1.0.202305231506/tools/bin/../lib/gcc/arm-none-eabi/11.3.1/thumb/v7e-m+fp/hard/crtend.o
LOAD C:/ST/STM32CubeIDE_1.13.1/STM32CubeIDE/plugins/com.st.stm32cube.ide.mcu.externaltools.gnu-tools-for-stm32.11.3.rel1.win32_1.1.0.202305231506/tools/bin/../lib/gcc/arm-none-eabi/11.3.1/thumb/v7e-m+fp/hard/crtn.o
                0x00000000200a0000                _estack = (ORIGIN (RAM) + LENGTH (RAM))
                0x0000000000000200                _Min_Heap_Size = 0x200
                0x0000000000000400                _Min_Stack_Size = 0x400

.isr_vector     0x0000000008000000      0x1bc
                0x0000000008000000                . = ALIGN (0x4)
 *(.isr_vector)
 .isr_vector    0x0000000008000000      0x1bc ./Core/Startup/startup_stm32l4s5vitx.o
                0x0000000008000000                g_pfnVectors
                0x00000000080001bc                . = ALIGN (0x4)

.text           0x00000000080001c0     0x1ddc
                0x00000000080001c0                . = ALIGN (0x4)
 *(.text)
 .text          0x00000000080001c0       0x40 C:/ST/STM32CubeIDE_1.13.1/STM32CubeIDE/plugins/com.st.stm32cube.ide.mcu.externaltools.gnu-tools-for-stm32.11.3.rel1.win32_1.1.0.202305231506/tools/bin/../lib/gcc/arm-none-eabi/11.3.1/thumb/v7e-m+fp/hard/crtbegin.o
 .text          0x0000000008000200      0x378 C:/ST/STM32CubeIDE_1.13.1/STM32CubeIDE/plugins/com.st.stm32cube.ide.mcu.externaltools.gnu-tools-for-stm32.11.3.rel1.win32_1.1.0.202305231506/tools/bin/../lib/gcc/arm-none-eabi/11.3.1/thumb/v7e-m+fp/hard\libgcc.a(_arm_addsubdf3.o)
                0x0000000008000200                __aeabi_drsub
                0x0000000008000208                __aeabi_dsub
                0x0000000008000208                __subdf3
                0x000000000800020c                __aeabi_dadd
                0x000000000800020c                __adddf3
                0x0000000008000484                __floatunsidf
                0x0000000008000484                __aeabi_ui2d
                0x00000000080004a4                __floatsidf
                0x00000000080004a4                __aeabi_i2d
                0x00000000080004c8                __aeabi_f2d
                0x00000000080004c8                __extendsfdf2
                0x000000000800050c                __floatundidf
                0x000000000800050c                __aeabi_ul2d
                0x000000000800051c                __floatdidf
                0x000000000800051c                __aeabi_l2d
 .text          0x0000000008000578      0x110 C:/ST/STM32CubeIDE_1.13.1/STM32CubeIDE/plugins/com.st.stm32cube.ide.mcu.externaltools.gnu-tools-for-stm32.11.3.rel1.win32_1.1.0.202305231506/tools/bin/../lib/gcc/arm-none-eabi/11.3.1/thumb/v7e-m+fp/hard\libgcc.a(_arm_cmpdf2.o)
                0x0000000008000578                __gtdf2
                0x0000000008000578                __gedf2
                0x0000000008000580                __ltdf2
                0x0000000008000580                __ledf2
                0x0000000008000588                __nedf2
                0x0000000008000588                __eqdf2
                0x0000000008000588                __cmpdf2
                0x0000000008000604                __aeabi_cdrcmple
                0x0000000008000614                __aeabi_cdcmpeq
                0x0000000008000614                __aeabi_cdcmple
                0x0000000008000624                __aeabi_dcmpeq
                0x0000000008000638                __aeabi_dcmplt
                0x000000000800064c                __aeabi_dcmple
                0x0000000008000660                __aeabi_dcmpge
                0x0000000008000674                __aeabi_dcmpgt
 *(.text*)
 .text.rodata   0x0000000008000688       0x1c ./Core/Src/asmSqrt.o
                0x0000000008000688                asmSqrt
 .text.rodata   0x00000000080006a4       0x88 ./Core/Src/asmTranscendental.o
                0x00000000080006a4                asmTranscendental
 .text.c_sqrt   0x000000000800072c       0xb0 ./Core/Src/c_sqrt.o
                0x000000000800072c                c_sqrt
 *fill*         0x00000000080007dc        0x4 
 .text.c_trans  0x00000000080007e0      0x110 ./Core/Src/c_trans.o
                0x00000000080007e0                c_trans
 .text.abs_f32  0x00000000080008f0       0x34 ./Core/Src/c_trans.o
                0x00000000080008f0                abs_f32
 .text.main     0x0000000008000924      0x128 ./Core/Src/main.o
                0x0000000008000924                main
 .text.SystemClock_Config
                0x0000000008000a4c       0xa2 ./Core/Src/main.o
                0x0000000008000a4c                SystemClock_Config
 *fill*         0x0000000008000aee        0x2 
 .text.MX_GPIO_Init
                0x0000000008000af0       0x30 ./Core/Src/main.o
 .text.Error_Handler
                0x0000000008000b20        0xa ./Core/Src/main.o
                0x0000000008000b20                Error_Handler
 *fill*         0x0000000008000b2a        0x2 
 .text.HAL_MspInit
                0x0000000008000b2c       0x48 ./Core/Src/stm32l4xx_hal_msp.o
                0x0000000008000b2c                HAL_MspInit
 .text.NMI_Handler
                0x0000000008000b74        0x6 ./Core/Src/stm32l4xx_it.o
                0x0000000008000b74                NMI_Handler
 .text.HardFault_Handler
                0x0000000008000b7a        0x6 ./Core/Src/stm32l4xx_it.o
                0x0000000008000b7a                HardFault_Handler
 .text.MemManage_Handler
                0x0000000008000b80        0x6 ./Core/Src/stm32l4xx_it.o
                0x0000000008000b80                MemManage_Handler
 .text.BusFault_Handler
                0x0000000008000b86        0x6 ./Core/Src/stm32l4xx_it.o
                0x0000000008000b86                BusFault_Handler
 .text.UsageFault_Handler
                0x0000000008000b8c        0x6 ./Core/Src/stm32l4xx_it.o
                0x0000000008000b8c                UsageFault_Handler
 .text.SVC_Handler
                0x0000000008000b92        0xe ./Core/Src/stm32l4xx_it.o
                0x0000000008000b92                SVC_Handler
 .text.DebugMon_Handler
                0x0000000008000ba0        0xe ./Core/Src/stm32l4xx_it.o
                0x0000000008000ba0                DebugMon_Handler
 .text.PendSV_Handler
                0x0000000008000bae        0xe ./Core/Src/stm32l4xx_it.o
                0x0000000008000bae                PendSV_Handler
 .text.SysTick_Handler
                0x0000000008000bbc        0xc ./Core/Src/stm32l4xx_it.o
                0x0000000008000bbc                SysTick_Handler
 .text.SystemInit
                0x0000000008000bc8       0x24 ./Core/Src/system_stm32l4xx.o
                0x0000000008000bc8                SystemInit
 .text.Reset_Handler
                0x0000000008000bec       0x50 ./Core/Startup/startup_stm32l4s5vitx.o
                0x0000000008000bec                Reset_Handler
 .text.Default_Handler
                0x0000000008000c3c        0x2 ./Core/Startup/startup_stm32l4s5vitx.o
                0x0000000008000c3c                RTC_Alarm_IRQHandler
                0x0000000008000c3c                EXTI2_IRQHandler
                0x0000000008000c3c                TIM8_TRG_COM_IRQHandler
                0x0000000008000c3c                TIM8_CC_IRQHandler
                0x0000000008000c3c                TIM1_CC_IRQHandler
                0x0000000008000c3c                TSC_IRQHandler
                0x0000000008000c3c                TAMP_STAMP_IRQHandler
                0x0000000008000c3c                EXTI3_IRQHandler
                0x0000000008000c3c                LPTIM2_IRQHandler
                0x0000000008000c3c                DFSDM1_FLT1_IRQHandler
                0x0000000008000c3c                GFXMMU_IRQHandler
                0x0000000008000c3c                I2C3_ER_IRQHandler
                0x0000000008000c3c                DFSDM1_FLT2_IRQHandler
                0x0000000008000c3c                EXTI0_IRQHandler
                0x0000000008000c3c                I2C2_EV_IRQHandler
                0x0000000008000c3c                CAN1_RX0_IRQHandler
                0x0000000008000c3c                FPU_IRQHandler
                0x0000000008000c3c                TIM1_UP_TIM16_IRQHandler
                0x0000000008000c3c                LTDC_ER_IRQHandler
                0x0000000008000c3c                SPI1_IRQHandler
                0x0000000008000c3c                OCTOSPI1_IRQHandler
                0x0000000008000c3c                TIM6_DAC_IRQHandler
                0x0000000008000c3c                DCMI_IRQHandler
                0x0000000008000c3c                TIM8_UP_IRQHandler
                0x0000000008000c3c                OCTOSPI2_IRQHandler
                0x0000000008000c3c                DMA2_Channel2_IRQHandler
                0x0000000008000c3c                DMA1_Channel4_IRQHandler
                0x0000000008000c3c                SAI2_IRQHandler
                0x0000000008000c3c                ADC1_IRQHandler
                0x0000000008000c3c                DFSDM1_FLT3_IRQHandler
                0x0000000008000c3c                USART3_IRQHandler
                0x0000000008000c3c                DMA1_Channel7_IRQHandler
                0x0000000008000c3c                CAN1_RX1_IRQHandler
                0x0000000008000c3c                UART5_IRQHandler
                0x0000000008000c3c                TIM4_IRQHandler
                0x0000000008000c3c                DMA2_Channel1_IRQHandler
                0x0000000008000c3c                I2C1_EV_IRQHandler
                0x0000000008000c3c                DMAMUX1_OVR_IRQHandler
                0x0000000008000c3c                DMA1_Channel6_IRQHandler
                0x0000000008000c3c                UART4_IRQHandler
                0x0000000008000c3c                DMA2_Channel4_IRQHandler
                0x0000000008000c3c                TIM3_IRQHandler
                0x0000000008000c3c                RCC_IRQHandler
                0x0000000008000c3c                DMA1_Channel1_IRQHandler
                0x0000000008000c3c                Default_Handler
                0x0000000008000c3c                DMA2_Channel7_IRQHandler
                0x0000000008000c3c                EXTI15_10_IRQHandler
                0x0000000008000c3c                TIM7_IRQHandler
                0x0000000008000c3c                SDMMC1_IRQHandler
                0x0000000008000c3c                TIM5_IRQHandler
                0x0000000008000c3c                I2C3_EV_IRQHandler
                0x0000000008000c3c                EXTI9_5_IRQHandler
                0x0000000008000c3c                RTC_WKUP_IRQHandler
                0x0000000008000c3c                LTDC_IRQHandler
                0x0000000008000c3c                PVD_PVM_IRQHandler
                0x0000000008000c3c                SPI2_IRQHandler
                0x0000000008000c3c                CAN1_TX_IRQHandler
                0x0000000008000c3c                DMA2_Channel5_IRQHandler
                0x0000000008000c3c                DMA1_Channel5_IRQHandler
                0x0000000008000c3c                EXTI4_IRQHandler
                0x0000000008000c3c                RNG_IRQHandler
                0x0000000008000c3c                TIM1_TRG_COM_TIM17_IRQHandler
                0x0000000008000c3c                DMA1_Channel3_IRQHandler
                0x0000000008000c3c                COMP_IRQHandler
                0x0000000008000c3c                HASH_CRS_IRQHandler
                0x0000000008000c3c                WWDG_IRQHandler
                0x0000000008000c3c                I2C4_EV_IRQHandler
                0x0000000008000c3c                LPUART1_IRQHandler
                0x0000000008000c3c                DMA2_Channel6_IRQHandler
                0x0000000008000c3c                TIM2_IRQHandler
                0x0000000008000c3c                DMA2D_IRQHandler
                0x0000000008000c3c                EXTI1_IRQHandler
                0x0000000008000c3c                AES_IRQHandler
                0x0000000008000c3c                USART2_IRQHandler
                0x0000000008000c3c                DFSDM1_FLT0_IRQHandler
                0x0000000008000c3c                I2C2_ER_IRQHandler
                0x0000000008000c3c                DMA1_Channel2_IRQHandler
                0x0000000008000c3c                TIM8_BRK_IRQHandler
                0x0000000008000c3c                CAN1_SCE_IRQHandler
                0x0000000008000c3c                FLASH_IRQHandler
                0x0000000008000c3c                USART1_IRQHandler
                0x0000000008000c3c                OTG_FS_IRQHandler
                0x0000000008000c3c                SPI3_IRQHandler
                0x0000000008000c3c                I2C1_ER_IRQHandler
                0x0000000008000c3c                FMC_IRQHandler
                0x0000000008000c3c                LPTIM1_IRQHandler
                0x0000000008000c3c                I2C4_ER_IRQHandler
                0x0000000008000c3c                SAI1_IRQHandler
                0x0000000008000c3c                DMA2_Channel3_IRQHandler
                0x0000000008000c3c                TIM1_BRK_TIM15_IRQHandler
 .text.HAL_Init
                0x0000000008000c3e       0x30 ./Drivers/STM32L4xx_HAL_Driver/Src/stm32l4xx_hal.o
                0x0000000008000c3e                HAL_Init
 *fill*         0x0000000008000c6e        0x2 
 .text.HAL_InitTick
                0x0000000008000c70       0x78 ./Drivers/STM32L4xx_HAL_Driver/Src/stm32l4xx_hal.o
                0x0000000008000c70                HAL_InitTick
 .text.HAL_IncTick
                0x0000000008000ce8       0x28 ./Drivers/STM32L4xx_HAL_Driver/Src/stm32l4xx_hal.o
                0x0000000008000ce8                HAL_IncTick
 .text.HAL_GetTick
                0x0000000008000d10       0x18 ./Drivers/STM32L4xx_HAL_Driver/Src/stm32l4xx_hal.o
                0x0000000008000d10                HAL_GetTick
 .text.__NVIC_SetPriorityGrouping
                0x0000000008000d28       0x48 ./Drivers/STM32L4xx_HAL_Driver/Src/stm32l4xx_hal_cortex.o
 .text.__NVIC_GetPriorityGrouping
                0x0000000008000d70       0x1c ./Drivers/STM32L4xx_HAL_Driver/Src/stm32l4xx_hal_cortex.o
 .text.__NVIC_SetPriority
                0x0000000008000d8c       0x54 ./Drivers/STM32L4xx_HAL_Driver/Src/stm32l4xx_hal_cortex.o
 .text.NVIC_EncodePriority
                0x0000000008000de0       0x66 ./Drivers/STM32L4xx_HAL_Driver/Src/stm32l4xx_hal_cortex.o
 *fill*         0x0000000008000e46        0x2 
 .text.SysTick_Config
                0x0000000008000e48       0x44 ./Drivers/STM32L4xx_HAL_Driver/Src/stm32l4xx_hal_cortex.o
 .text.HAL_NVIC_SetPriorityGrouping
                0x0000000008000e8c       0x16 ./Drivers/STM32L4xx_HAL_Driver/Src/stm32l4xx_hal_cortex.o
                0x0000000008000e8c                HAL_NVIC_SetPriorityGrouping
 .text.HAL_NVIC_SetPriority
                0x0000000008000ea2       0x38 ./Drivers/STM32L4xx_HAL_Driver/Src/stm32l4xx_hal_cortex.o
                0x0000000008000ea2                HAL_NVIC_SetPriority
 .text.HAL_SYSTICK_Config
                0x0000000008000eda       0x18 ./Drivers/STM32L4xx_HAL_Driver/Src/stm32l4xx_hal_cortex.o
                0x0000000008000eda                HAL_SYSTICK_Config
 *fill*         0x0000000008000ef2        0x2 
 .text.HAL_PWREx_GetVoltageRange
                0x0000000008000ef4       0x40 ./Drivers/STM32L4xx_HAL_Driver/Src/stm32l4xx_hal_pwr_ex.o
                0x0000000008000ef4                HAL_PWREx_GetVoltageRange
 .text.HAL_PWREx_ControlVoltageScaling
                0x0000000008000f34      0x148 ./Drivers/STM32L4xx_HAL_Driver/Src/stm32l4xx_hal_pwr_ex.o
                0x0000000008000f34                HAL_PWREx_ControlVoltageScaling
 .text.HAL_RCC_OscConfig
                0x000000000800107c      0x834 ./Drivers/STM32L4xx_HAL_Driver/Src/stm32l4xx_hal_rcc.o
                0x000000000800107c                HAL_RCC_OscConfig
 .text.HAL_RCC_ClockConfig
                0x00000000080018b0      0x274 ./Drivers/STM32L4xx_HAL_Driver/Src/stm32l4xx_hal_rcc.o
                0x00000000080018b0                HAL_RCC_ClockConfig
 .text.HAL_RCC_GetSysClockFreq
                0x0000000008001b24      0x118 ./Drivers/STM32L4xx_HAL_Driver/Src/stm32l4xx_hal_rcc.o
                0x0000000008001b24                HAL_RCC_GetSysClockFreq
 .text.RCC_SetFlashLatencyFromMSIRange
                0x0000000008001c3c       0xb4 ./Drivers/STM32L4xx_HAL_Driver/Src/stm32l4xx_hal_rcc.o
 .text.RCC_GetSysClockFreqFromPLLSource
                0x0000000008001cf0       0xcc ./Drivers/STM32L4xx_HAL_Driver/Src/stm32l4xx_hal_rcc.o
 .text.arm_sin_f32
                0x0000000008001dbc       0x8c ../Core/Lib\libarm_cortexM4lf_math.a(arm_sin_f32.o)
                0x0000000008001dbc                arm_sin_f32
 .text.arm_cos_f32
                0x0000000008001e48       0x94 ../Core/Lib\libarm_cortexM4lf_math.a(arm_cos_f32.o)
                0x0000000008001e48                arm_cos_f32
 .text.memset   0x0000000008001edc       0x10 C:/ST/STM32CubeIDE_1.13.1/STM32CubeIDE/plugins/com.st.stm32cube.ide.mcu.externaltools.gnu-tools-for-stm32.11.3.rel1.win32_1.1.0.202305231506/tools/bin/../lib/gcc/arm-none-eabi/11.3.1/../../../../arm-none-eabi/lib/thumb/v7e-m+fp/hard\libc_nano.a(libc_a-memset.o)
                0x0000000008001edc                memset
 .text.__errno  0x0000000008001eec        0xc C:/ST/STM32CubeIDE_1.13.1/STM32CubeIDE/plugins/com.st.stm32cube.ide.mcu.externaltools.gnu-tools-for-stm32.11.3.rel1.win32_1.1.0.202305231506/tools/bin/../lib/gcc/arm-none-eabi/11.3.1/../../../../arm-none-eabi/lib/thumb/v7e-m+fp/hard\libc_nano.a(libc_a-errno.o)
                0x0000000008001eec                __errno
 .text.__libc_init_array
                0x0000000008001ef8       0x48 C:/ST/STM32CubeIDE_1.13.1/STM32CubeIDE/plugins/com.st.stm32cube.ide.mcu.externaltools.gnu-tools-for-stm32.11.3.rel1.win32_1.1.0.202305231506/tools/bin/../lib/gcc/arm-none-eabi/11.3.1/../../../../arm-none-eabi/lib/thumb/v7e-m+fp/hard\libc_nano.a(libc_a-init.o)
                0x0000000008001ef8                __libc_init_array
 .text.sqrtf    0x0000000008001f40       0x3c C:/ST/STM32CubeIDE_1.13.1/STM32CubeIDE/plugins/com.st.stm32cube.ide.mcu.externaltools.gnu-tools-for-stm32.11.3.rel1.win32_1.1.0.202305231506/tools/bin/../lib/gcc/arm-none-eabi/11.3.1/../../../../arm-none-eabi/lib/thumb/v7e-m+fp/hard\libm.a(libm_a-wf_sqrt.o)
                0x0000000008001f40                sqrtf
 .text.__ieee754_sqrtf
                0x0000000008001f7c        0x6 C:/ST/STM32CubeIDE_1.13.1/STM32CubeIDE/plugins/com.st.stm32cube.ide.mcu.externaltools.gnu-tools-for-stm32.11.3.rel1.win32_1.1.0.202305231506/tools/bin/../lib/gcc/arm-none-eabi/11.3.1/../../../../arm-none-eabi/lib/thumb/v7e-m+fp/hard\libm.a(libm_a-ef_sqrt.o)
                0x0000000008001f7c                __ieee754_sqrtf
 *(.glue_7)
 .glue_7        0x0000000008001f82        0x0 linker stubs
 *(.glue_7t)
 .glue_7t       0x0000000008001f82        0x0 linker stubs
 *(.eh_frame)
 *fill*         0x0000000008001f82        0x2 
 .eh_frame      0x0000000008001f84        0x0 C:/ST/STM32CubeIDE_1.13.1/STM32CubeIDE/plugins/com.st.stm32cube.ide.mcu.externaltools.gnu-tools-for-stm32.11.3.rel1.win32_1.1.0.202305231506/tools/bin/../lib/gcc/arm-none-eabi/11.3.1/thumb/v7e-m+fp/hard/crtbegin.o
 *(.init)
 .init          0x0000000008001f84        0x4 C:/ST/STM32CubeIDE_1.13.1/STM32CubeIDE/plugins/com.st.stm32cube.ide.mcu.externaltools.gnu-tools-for-stm32.11.3.rel1.win32_1.1.0.202305231506/tools/bin/../lib/gcc/arm-none-eabi/11.3.1/thumb/v7e-m+fp/hard/crti.o
                0x0000000008001f84                _init
 .init          0x0000000008001f88        0x8 C:/ST/STM32CubeIDE_1.13.1/STM32CubeIDE/plugins/com.st.stm32cube.ide.mcu.externaltools.gnu-tools-for-stm32.11.3.rel1.win32_1.1.0.202305231506/tools/bin/../lib/gcc/arm-none-eabi/11.3.1/thumb/v7e-m+fp/hard/crtn.o
 *(.fini)
 .fini          0x0000000008001f90        0x4 C:/ST/STM32CubeIDE_1.13.1/STM32CubeIDE/plugins/com.st.stm32cube.ide.mcu.externaltools.gnu-tools-for-stm32.11.3.rel1.win32_1.1.0.202305231506/tools/bin/../lib/gcc/arm-none-eabi/11.3.1/thumb/v7e-m+fp/hard/crti.o
                0x0000000008001f90                _fini
 .fini          0x0000000008001f94        0x8 C:/ST/STM32CubeIDE_1.13.1/STM32CubeIDE/plugins/com.st.stm32cube.ide.mcu.externaltools.gnu-tools-for-stm32.11.3.rel1.win32_1.1.0.202305231506/tools/bin/../lib/gcc/arm-none-eabi/11.3.1/thumb/v7e-m+fp/hard/crtn.o
                0x0000000008001f9c                . = ALIGN (0x4)
                0x0000000008001f9c                _etext = .

.vfp11_veneer   0x0000000008001f9c        0x0
 .vfp11_veneer  0x0000000008001f9c        0x0 linker stubs

.v4_bx          0x0000000008001f9c        0x0
 .v4_bx         0x0000000008001f9c        0x0 linker stubs

.iplt           0x0000000008001f9c        0x0
 .iplt          0x0000000008001f9c        0x0 C:/ST/STM32CubeIDE_1.13.1/STM32CubeIDE/plugins/com.st.stm32cube.ide.mcu.externaltools.gnu-tools-for-stm32.11.3.rel1.win32_1.1.0.202305231506/tools/bin/../lib/gcc/arm-none-eabi/11.3.1/thumb/v7e-m+fp/hard/crtbegin.o

.rodata         0x0000000008001f9c      0x86c
                0x0000000008001f9c                . = ALIGN (0x4)
 *(.rodata)
 .rodata        0x0000000008001f9c       0x28 ./Core/Src/main.o
 *(.rodata*)
 .rodata.AHBPrescTable
                0x0000000008001fc4       0x10 ./Core/Src/system_stm32l4xx.o
                0x0000000008001fc4                AHBPrescTable
 .rodata.MSIRangeTable
                0x0000000008001fd4       0x30 ./Core/Src/system_stm32l4xx.o
                0x0000000008001fd4                MSIRangeTable
 .rodata.sinTable_f32
                0x0000000008002004      0x804 ../Core/Lib\libarm_cortexM4lf_math.a(arm_common_tables.o)
                0x0000000008002004                sinTable_f32
                0x0000000008002808                . = ALIGN (0x4)

.rel.dyn        0x0000000008002808        0x0
 .rel.iplt      0x0000000008002808        0x0 C:/ST/STM32CubeIDE_1.13.1/STM32CubeIDE/plugins/com.st.stm32cube.ide.mcu.externaltools.gnu-tools-for-stm32.11.3.rel1.win32_1.1.0.202305231506/tools/bin/../lib/gcc/arm-none-eabi/11.3.1/thumb/v7e-m+fp/hard/crtbegin.o

.ARM.extab      0x0000000008002808        0x0
                0x0000000008002808                . = ALIGN (0x4)
 *(.ARM.extab* .gnu.linkonce.armextab.*)
                0x0000000008002808                . = ALIGN (0x4)

.ARM            0x0000000008002808        0x0
                0x0000000008002808                . = ALIGN (0x4)
                0x0000000008002808                __exidx_start = .
 *(.ARM.exidx*)
                0x0000000008002808                __exidx_end = .
                0x0000000008002808                . = ALIGN (0x4)

.preinit_array  0x0000000008002808        0x0
                0x0000000008002808                . = ALIGN (0x4)
                0x0000000008002808                PROVIDE (__preinit_array_start = .)
 *(.preinit_array*)
                0x0000000008002808                PROVIDE (__preinit_array_end = .)
                0x0000000008002808                . = ALIGN (0x4)

.init_array     0x0000000008002808        0x4
                0x0000000008002808                . = ALIGN (0x4)
                0x0000000008002808                PROVIDE (__init_array_start = .)
 *(SORT_BY_NAME(.init_array.*))
 *(.init_array*)
 .init_array    0x0000000008002808        0x4 C:/ST/STM32CubeIDE_1.13.1/STM32CubeIDE/plugins/com.st.stm32cube.ide.mcu.externaltools.gnu-tools-for-stm32.11.3.rel1.win32_1.1.0.202305231506/tools/bin/../lib/gcc/arm-none-eabi/11.3.1/thumb/v7e-m+fp/hard/crtbegin.o
                0x000000000800280c                PROVIDE (__init_array_end = .)
                0x000000000800280c                . = ALIGN (0x4)

.fini_array     0x000000000800280c        0x4
                0x000000000800280c                . = ALIGN (0x4)
                [!provide]                        PROVIDE (__fini_array_start = .)
 *(SORT_BY_NAME(.fini_array.*))
 *(.fini_array*)
 .fini_array    0x000000000800280c        0x4 C:/ST/STM32CubeIDE_1.13.1/STM32CubeIDE/plugins/com.st.stm32cube.ide.mcu.externaltools.gnu-tools-for-stm32.11.3.rel1.win32_1.1.0.202305231506/tools/bin/../lib/gcc/arm-none-eabi/11.3.1/thumb/v7e-m+fp/hard/crtbegin.o
                [!provide]                        PROVIDE (__fini_array_end = .)
                0x0000000008002810                . = ALIGN (0x4)
                0x0000000008002810                _sidata = LOADADDR (.data)

.data           0x0000000020000000       0x5c load address 0x0000000008002810
                0x0000000020000000                . = ALIGN (0x4)
                0x0000000020000000                _sdata = .
 *(.data)
 *(.data*)
 .data.SystemCoreClock
                0x0000000020000000        0x4 ./Core/Src/system_stm32l4xx.o
                0x0000000020000000                SystemCoreClock
 .data.uwTickPrio
                0x0000000020000004        0x4 ./Drivers/STM32L4xx_HAL_Driver/Src/stm32l4xx_hal.o
                0x0000000020000004                uwTickPrio
 .data.uwTickFreq
                0x0000000020000008        0x1 ./Drivers/STM32L4xx_HAL_Driver/Src/stm32l4xx_hal.o
                0x0000000020000008                uwTickFreq
 *fill*         0x0000000020000009        0x3 
 .data._impure_data
                0x000000002000000c       0x4c C:/ST/STM32CubeIDE_1.13.1/STM32CubeIDE/plugins/com.st.stm32cube.ide.mcu.externaltools.gnu-tools-for-stm32.11.3.rel1.win32_1.1.0.202305231506/tools/bin/../lib/gcc/arm-none-eabi/11.3.1/../../../../arm-none-eabi/lib/thumb/v7e-m+fp/hard\libc_nano.a(libc_a-impure.o)
                0x000000002000000c                _impure_data
 .data._impure_ptr
                0x0000000020000058        0x4 C:/ST/STM32CubeIDE_1.13.1/STM32CubeIDE/plugins/com.st.stm32cube.ide.mcu.externaltools.gnu-tools-for-stm32.11.3.rel1.win32_1.1.0.202305231506/tools/bin/../lib/gcc/arm-none-eabi/11.3.1/../../../../arm-none-eabi/lib/thumb/v7e-m+fp/hard\libc_nano.a(libc_a-impure.o)
                0x0000000020000058                _impure_ptr
 *(.RamFunc)
 *(.RamFunc*)
                0x000000002000005c                . = ALIGN (0x4)
                0x000000002000005c                _edata = .

.igot.plt       0x000000002000005c        0x0 load address 0x000000000800286c
 .igot.plt      0x000000002000005c        0x0 C:/ST/STM32CubeIDE_1.13.1/STM32CubeIDE/plugins/com.st.stm32cube.ide.mcu.externaltools.gnu-tools-for-stm32.11.3.rel1.win32_1.1.0.202305231506/tools/bin/../lib/gcc/arm-none-eabi/11.3.1/thumb/v7e-m+fp/hard/crtbegin.o
                0x000000002000005c                . = ALIGN (0x4)

.bss            0x000000002000005c      0x158 load address 0x000000000800286c
                0x000000002000005c                _sbss = .
                0x000000002000005c                __bss_start__ = _sbss
 *(.bss)
 .bss           0x000000002000005c       0x1c C:/ST/STM32CubeIDE_1.13.1/STM32CubeIDE/plugins/com.st.stm32cube.ide.mcu.externaltools.gnu-tools-for-stm32.11.3.rel1.win32_1.1.0.202305231506/tools/bin/../lib/gcc/arm-none-eabi/11.3.1/thumb/v7e-m+fp/hard/crtbegin.o
 *(.bss*)
 .bss.uwTick    0x0000000020000078        0x4 ./Drivers/STM32L4xx_HAL_Driver/Src/stm32l4xx_hal.o
                0x0000000020000078                uwTick
 .bss.__sf      0x000000002000007c      0x138 C:/ST/STM32CubeIDE_1.13.1/STM32CubeIDE/plugins/com.st.stm32cube.ide.mcu.externaltools.gnu-tools-for-stm32.11.3.rel1.win32_1.1.0.202305231506/tools/bin/../lib/gcc/arm-none-eabi/11.3.1/../../../../arm-none-eabi/lib/thumb/v7e-m+fp/hard\libc_nano.a(libc_a-findfp.o)
                0x000000002000007c                __sf
 *(COMMON)
                0x00000000200001b4                . = ALIGN (0x4)
                0x00000000200001b4                _ebss = .
                0x00000000200001b4                __bss_end__ = _ebss

._user_heap_stack
                0x00000000200001b4      0x604 load address 0x000000000800286c
                0x00000000200001b8                . = ALIGN (0x8)
 *fill*         0x00000000200001b4        0x4 
                [!provide]                        PROVIDE (end = .)
                0x00000000200001b8                PROVIDE (_end = .)
                0x00000000200003b8                . = (. + _Min_Heap_Size)
 *fill*         0x00000000200001b8      0x200 
                0x00000000200007b8                . = (. + _Min_Stack_Size)
 *fill*         0x00000000200003b8      0x400 
                0x00000000200007b8                . = ALIGN (0x8)

/DISCARD/
 libc.a(*)
 libm.a(*)
 libgcc.a(*)

.ARM.attributes
                0x0000000000000000       0x30
 *(.ARM.attributes)
 .ARM.attributes
                0x0000000000000000       0x1e C:/ST/STM32CubeIDE_1.13.1/STM32CubeIDE/plugins/com.st.stm32cube.ide.mcu.externaltools.gnu-tools-for-stm32.11.3.rel1.win32_1.1.0.202305231506/tools/bin/../lib/gcc/arm-none-eabi/11.3.1/thumb/v7e-m+fp/hard/crti.o
 .ARM.attributes
                0x000000000000001e       0x34 C:/ST/STM32CubeIDE_1.13.1/STM32CubeIDE/plugins/com.st.stm32cube.ide.mcu.externaltools.gnu-tools-for-stm32.11.3.rel1.win32_1.1.0.202305231506/tools/bin/../lib/gcc/arm-none-eabi/11.3.1/thumb/v7e-m+fp/hard/crtbegin.o
 .ARM.attributes
                0x0000000000000052       0x20 ./Core/Src/asmSqrt.o
 .ARM.attributes
                0x0000000000000072       0x20 ./Core/Src/asmTranscendental.o
 .ARM.attributes
                0x0000000000000092       0x34 ./Core/Src/c_sqrt.o
 .ARM.attributes
                0x00000000000000c6       0x34 ./Core/Src/c_trans.o
 .ARM.attributes
                0x00000000000000fa       0x34 ./Core/Src/main.o
 .ARM.attributes
                0x000000000000012e       0x34 ./Core/Src/stm32l4xx_hal_msp.o
 .ARM.attributes
                0x0000000000000162       0x34 ./Core/Src/stm32l4xx_it.o
 .ARM.attributes
                0x0000000000000196       0x34 ./Core/Src/system_stm32l4xx.o
 .ARM.attributes
                0x00000000000001ca       0x21 ./Core/Startup/startup_stm32l4s5vitx.o
 .ARM.attributes
                0x00000000000001eb       0x34 ./Drivers/STM32L4xx_HAL_Driver/Src/stm32l4xx_hal.o
 .ARM.attributes
                0x000000000000021f       0x34 ./Drivers/STM32L4xx_HAL_Driver/Src/stm32l4xx_hal_cortex.o
 .ARM.attributes
                0x0000000000000253       0x34 ./Drivers/STM32L4xx_HAL_Driver/Src/stm32l4xx_hal_pwr_ex.o
 .ARM.attributes
                0x0000000000000287       0x34 ./Drivers/STM32L4xx_HAL_Driver/Src/stm32l4xx_hal_rcc.o
 .ARM.attributes
                0x00000000000002bb       0x34 ../Core/Lib\libarm_cortexM4lf_math.a(arm_sin_f32.o)
 .ARM.attributes
                0x00000000000002ef       0x34 ../Core/Lib\libarm_cortexM4lf_math.a(arm_cos_f32.o)
 .ARM.attributes
                0x0000000000000323       0x39 ../Core/Lib\libarm_cortexM4lf_math.a(arm_common_tables.o)
 .ARM.attributes
                0x000000000000035c       0x34 C:/ST/STM32CubeIDE_1.13.1/STM32CubeIDE/plugins/com.st.stm32cube.ide.mcu.externaltools.gnu-tools-for-stm32.11.3.rel1.win32_1.1.0.202305231506/tools/bin/../lib/gcc/arm-none-eabi/11.3.1/../../../../arm-none-eabi/lib/thumb/v7e-m+fp/hard\libc_nano.a(libc_a-findfp.o)
 .ARM.attributes
                0x0000000000000390       0x34 C:/ST/STM32CubeIDE_1.13.1/STM32CubeIDE/plugins/com.st.stm32cube.ide.mcu.externaltools.gnu-tools-for-stm32.11.3.rel1.win32_1.1.0.202305231506/tools/bin/../lib/gcc/arm-none-eabi/11.3.1/../../../../arm-none-eabi/lib/thumb/v7e-m+fp/hard\libc_nano.a(libc_a-memset.o)
 .ARM.attributes
                0x00000000000003c4       0x34 C:/ST/STM32CubeIDE_1.13.1/STM32CubeIDE/plugins/com.st.stm32cube.ide.mcu.externaltools.gnu-tools-for-stm32.11.3.rel1.win32_1.1.0.202305231506/tools/bin/../lib/gcc/arm-none-eabi/11.3.1/../../../../arm-none-eabi/lib/thumb/v7e-m+fp/hard\libc_nano.a(libc_a-impure.o)
 .ARM.attributes
                0x00000000000003f8       0x34 C:/ST/STM32CubeIDE_1.13.1/STM32CubeIDE/plugins/com.st.stm32cube.ide.mcu.externaltools.gnu-tools-for-stm32.11.3.rel1.win32_1.1.0.202305231506/tools/bin/../lib/gcc/arm-none-eabi/11.3.1/../../../../arm-none-eabi/lib/thumb/v7e-m+fp/hard\libc_nano.a(libc_a-errno.o)
 .ARM.attributes
                0x000000000000042c       0x34 C:/ST/STM32CubeIDE_1.13.1/STM32CubeIDE/plugins/com.st.stm32cube.ide.mcu.externaltools.gnu-tools-for-stm32.11.3.rel1.win32_1.1.0.202305231506/tools/bin/../lib/gcc/arm-none-eabi/11.3.1/../../../../arm-none-eabi/lib/thumb/v7e-m+fp/hard\libc_nano.a(libc_a-init.o)
 .ARM.attributes
                0x0000000000000460       0x34 C:/ST/STM32CubeIDE_1.13.1/STM32CubeIDE/plugins/com.st.stm32cube.ide.mcu.externaltools.gnu-tools-for-stm32.11.3.rel1.win32_1.1.0.202305231506/tools/bin/../lib/gcc/arm-none-eabi/11.3.1/../../../../arm-none-eabi/lib/thumb/v7e-m+fp/hard\libm.a(libm_a-wf_sqrt.o)
 .ARM.attributes
                0x0000000000000494       0x34 C:/ST/STM32CubeIDE_1.13.1/STM32CubeIDE/plugins/com.st.stm32cube.ide.mcu.externaltools.gnu-tools-for-stm32.11.3.rel1.win32_1.1.0.202305231506/tools/bin/../lib/gcc/arm-none-eabi/11.3.1/../../../../arm-none-eabi/lib/thumb/v7e-m+fp/hard\libm.a(libm_a-ef_sqrt.o)
 .ARM.attributes
                0x00000000000004c8       0x1e C:/ST/STM32CubeIDE_1.13.1/STM32CubeIDE/plugins/com.st.stm32cube.ide.mcu.externaltools.gnu-tools-for-stm32.11.3.rel1.win32_1.1.0.202305231506/tools/bin/../lib/gcc/arm-none-eabi/11.3.1/thumb/v7e-m+fp/hard\libgcc.a(_arm_addsubdf3.o)
 .ARM.attributes
                0x00000000000004e6       0x1e C:/ST/STM32CubeIDE_1.13.1/STM32CubeIDE/plugins/com.st.stm32cube.ide.mcu.externaltools.gnu-tools-for-stm32.11.3.rel1.win32_1.1.0.202305231506/tools/bin/../lib/gcc/arm-none-eabi/11.3.1/thumb/v7e-m+fp/hard\libgcc.a(_arm_cmpdf2.o)
 .ARM.attributes
                0x0000000000000504       0x1e C:/ST/STM32CubeIDE_1.13.1/STM32CubeIDE/plugins/com.st.stm32cube.ide.mcu.externaltools.gnu-tools-for-stm32.11.3.rel1.win32_1.1.0.202305231506/tools/bin/../lib/gcc/arm-none-eabi/11.3.1/thumb/v7e-m+fp/hard/crtn.o
OUTPUT(Lab 1.elf elf32-littlearm)
LOAD linker stubs
LOAD C:/ST/STM32CubeIDE_1.13.1/STM32CubeIDE/plugins/com.st.stm32cube.ide.mcu.externaltools.gnu-tools-for-stm32.11.3.rel1.win32_1.1.0.202305231506/tools/bin/../lib/gcc/arm-none-eabi/11.3.1/../../../../arm-none-eabi/lib/thumb/v7e-m+fp/hard\libc.a
LOAD C:/ST/STM32CubeIDE_1.13.1/STM32CubeIDE/plugins/com.st.stm32cube.ide.mcu.externaltools.gnu-tools-for-stm32.11.3.rel1.win32_1.1.0.202305231506/tools/bin/../lib/gcc/arm-none-eabi/11.3.1/../../../../arm-none-eabi/lib/thumb/v7e-m+fp/hard\libm.a
LOAD C:/ST/STM32CubeIDE_1.13.1/STM32CubeIDE/plugins/com.st.stm32cube.ide.mcu.externaltools.gnu-tools-for-stm32.11.3.rel1.win32_1.1.0.202305231506/tools/bin/../lib/gcc/arm-none-eabi/11.3.1/thumb/v7e-m+fp/hard\libgcc.a

.comment        0x0000000000000000       0xb8
 .comment       0x0000000000000000       0x43 C:/ST/STM32CubeIDE_1.13.1/STM32CubeIDE/plugins/com.st.stm32cube.ide.mcu.externaltools.gnu-tools-for-stm32.11.3.rel1.win32_1.1.0.202305231506/tools/bin/../lib/gcc/arm-none-eabi/11.3.1/thumb/v7e-m+fp/hard/crtbegin.o
                                         0x44 (size before relaxing)
 .comment       0x0000000000000043       0x44 ./Core/Src/c_sqrt.o
 .comment       0x0000000000000043       0x44 ./Core/Src/c_trans.o
 .comment       0x0000000000000043       0x44 ./Core/Src/main.o
 .comment       0x0000000000000043       0x44 ./Core/Src/stm32l4xx_hal_msp.o
 .comment       0x0000000000000043       0x44 ./Core/Src/stm32l4xx_it.o
 .comment       0x0000000000000043       0x44 ./Core/Src/system_stm32l4xx.o
 .comment       0x0000000000000043       0x44 ./Drivers/STM32L4xx_HAL_Driver/Src/stm32l4xx_hal.o
 .comment       0x0000000000000043       0x44 ./Drivers/STM32L4xx_HAL_Driver/Src/stm32l4xx_hal_cortex.o
 .comment       0x0000000000000043       0x44 ./Drivers/STM32L4xx_HAL_Driver/Src/stm32l4xx_hal_pwr_ex.o
 .comment       0x0000000000000043       0x44 ./Drivers/STM32L4xx_HAL_Driver/Src/stm32l4xx_hal_rcc.o
 .comment       0x0000000000000043       0x75 ../Core/Lib\libarm_cortexM4lf_math.a(arm_sin_f32.o)
                                         0x76 (size before relaxing)
 .comment       0x00000000000000b8       0x76 ../Core/Lib\libarm_cortexM4lf_math.a(arm_cos_f32.o)
 .comment       0x00000000000000b8       0x76 ../Core/Lib\libarm_cortexM4lf_math.a(arm_common_tables.o)

.debug_line     0x0000000000000000     0x6fe7
 .debug_line    0x0000000000000000       0x50 ./Core/Src/asmSqrt.o
 .debug_line    0x0000000000000050       0x6f ./Core/Src/asmTranscendental.o
 .debug_line    0x00000000000000bf      0x8ba ./Core/Src/c_sqrt.o
 .debug_line    0x0000000000000979      0x8e3 ./Core/Src/c_trans.o
 .debug_line    0x000000000000125c      0x9bf ./Core/Src/main.o
 .debug_line    0x0000000000001c1b      0x6fe ./Core/Src/stm32l4xx_hal_msp.o
 .debug_line    0x0000000000002319      0x7c0 ./Core/Src/stm32l4xx_it.o
 .debug_line    0x0000000000002ad9      0x795 ./Core/Src/system_stm32l4xx.o
 .debug_line    0x000000000000326e       0x7a ./Core/Startup/startup_stm32l4s5vitx.o
 .debug_line    0x00000000000032e8      0xaed ./Drivers/STM32L4xx_HAL_Driver/Src/stm32l4xx_hal.o
 .debug_line    0x0000000000003dd5      0xc94 ./Drivers/STM32L4xx_HAL_Driver/Src/stm32l4xx_hal_cortex.o
 .debug_line    0x0000000000004a69      0xd5a ./Drivers/STM32L4xx_HAL_Driver/Src/stm32l4xx_hal_pwr_ex.o
 .debug_line    0x00000000000057c3     0x103e ./Drivers/STM32L4xx_HAL_Driver/Src/stm32l4xx_hal_rcc.o
 .debug_line    0x0000000000006801      0x2d0 ../Core/Lib\libarm_cortexM4lf_math.a(arm_sin_f32.o)
 .debug_line    0x0000000000006ad1      0x2d3 ../Core/Lib\libarm_cortexM4lf_math.a(arm_cos_f32.o)
 .debug_line    0x0000000000006da4      0x243 ../Core/Lib\libarm_cortexM4lf_math.a(arm_common_tables.o)

.debug_line_str
                0x0000000000000000       0xc5
 .debug_line_str
                0x0000000000000000       0x89 ./Core/Src/asmSqrt.o
                                         0x93 (size before relaxing)
 .debug_line_str
                0x0000000000000089       0x14 ./Core/Src/asmTranscendental.o
                                         0xa7 (size before relaxing)
 .debug_line_str
                0x000000000000009d       0x28 ./Core/Startup/startup_stm32l4s5vitx.o
                                         0xb3 (size before relaxing)

.debug_info     0x0000000000000000     0x8a95
 .debug_info    0x0000000000000000       0x24 ./Core/Src/asmSqrt.o
 .debug_info    0x0000000000000024       0x25 ./Core/Src/asmTranscendental.o
 .debug_info    0x0000000000000049      0x102 ./Core/Src/c_sqrt.o
 .debug_info    0x000000000000014b      0x17f ./Core/Src/c_trans.o
 .debug_info    0x00000000000002ca      0x726 ./Core/Src/main.o
 .debug_info    0x00000000000009f0      0x2e9 ./Core/Src/stm32l4xx_hal_msp.o
 .debug_info    0x0000000000000cd9      0x113 ./Core/Src/stm32l4xx_it.o
 .debug_info    0x0000000000000dec      0x5e9 ./Core/Src/system_stm32l4xx.o
 .debug_info    0x00000000000013d5       0x23 ./Core/Startup/startup_stm32l4s5vitx.o
 .debug_info    0x00000000000013f8      0xb4f ./Drivers/STM32L4xx_HAL_Driver/Src/stm32l4xx_hal.o
 .debug_info    0x0000000000001f47      0xd6a ./Drivers/STM32L4xx_HAL_Driver/Src/stm32l4xx_hal_cortex.o
 .debug_info    0x0000000000002cb1      0xa0a ./Drivers/STM32L4xx_HAL_Driver/Src/stm32l4xx_hal_pwr_ex.o
 .debug_info    0x00000000000036bb      0xd32 ./Drivers/STM32L4xx_HAL_Driver/Src/stm32l4xx_hal_rcc.o
 .debug_info    0x00000000000043ed     0x1612 ../Core/Lib\libarm_cortexM4lf_math.a(arm_sin_f32.o)
 .debug_info    0x00000000000059ff     0x1612 ../Core/Lib\libarm_cortexM4lf_math.a(arm_cos_f32.o)
 .debug_info    0x0000000000007011     0x1a84 ../Core/Lib\libarm_cortexM4lf_math.a(arm_common_tables.o)

.debug_abbrev   0x0000000000000000     0x1739
 .debug_abbrev  0x0000000000000000       0x14 ./Core/Src/asmSqrt.o
 .debug_abbrev  0x0000000000000014       0x14 ./Core/Src/asmTranscendental.o
 .debug_abbrev  0x0000000000000028       0x9a ./Core/Src/c_sqrt.o
 .debug_abbrev  0x00000000000000c2       0xf4 ./Core/Src/c_trans.o
 .debug_abbrev  0x00000000000001b6      0x281 ./Core/Src/main.o
 .debug_abbrev  0x0000000000000437       0xc6 ./Core/Src/stm32l4xx_hal_msp.o
 .debug_abbrev  0x00000000000004fd       0x73 ./Core/Src/stm32l4xx_it.o
 .debug_abbrev  0x0000000000000570      0x11a ./Core/Src/system_stm32l4xx.o
 .debug_abbrev  0x000000000000068a       0x12 ./Core/Startup/startup_stm32l4s5vitx.o
 .debug_abbrev  0x000000000000069c      0x242 ./Drivers/STM32L4xx_HAL_Driver/Src/stm32l4xx_hal.o
 .debug_abbrev  0x00000000000008de      0x327 ./Drivers/STM32L4xx_HAL_Driver/Src/stm32l4xx_hal_cortex.o
 .debug_abbrev  0x0000000000000c05      0x1f9 ./Drivers/STM32L4xx_HAL_Driver/Src/stm32l4xx_hal_pwr_ex.o
 .debug_abbrev  0x0000000000000dfe      0x306 ./Drivers/STM32L4xx_HAL_Driver/Src/stm32l4xx_hal_rcc.o
 .debug_abbrev  0x0000000000001104      0x22c ../Core/Lib\libarm_cortexM4lf_math.a(arm_sin_f32.o)
 .debug_abbrev  0x0000000000001330      0x22c ../Core/Lib\libarm_cortexM4lf_math.a(arm_cos_f32.o)
 .debug_abbrev  0x000000000000155c      0x1dd ../Core/Lib\libarm_cortexM4lf_math.a(arm_common_tables.o)

.debug_aranges  0x0000000000000000      0x638
 .debug_aranges
                0x0000000000000000       0x20 ./Core/Src/asmSqrt.o
 .debug_aranges
                0x0000000000000020       0x20 ./Core/Src/asmTranscendental.o
 .debug_aranges
                0x0000000000000040       0x20 ./Core/Src/c_sqrt.o
 .debug_aranges
                0x0000000000000060       0x28 ./Core/Src/c_trans.o
 .debug_aranges
                0x0000000000000088       0x38 ./Core/Src/main.o
 .debug_aranges
                0x00000000000000c0       0x20 ./Core/Src/stm32l4xx_hal_msp.o
 .debug_aranges
                0x00000000000000e0       0x60 ./Core/Src/stm32l4xx_it.o
 .debug_aranges
                0x0000000000000140       0x28 ./Core/Src/system_stm32l4xx.o
 .debug_aranges
                0x0000000000000168       0x28 ./Core/Startup/startup_stm32l4s5vitx.o
 .debug_aranges
                0x0000000000000190      0x130 ./Drivers/STM32L4xx_HAL_Driver/Src/stm32l4xx_hal.o
 .debug_aranges
                0x00000000000002c0      0x118 ./Drivers/STM32L4xx_HAL_Driver/Src/stm32l4xx_hal_cortex.o
 .debug_aranges
                0x00000000000003d8      0x170 ./Drivers/STM32L4xx_HAL_Driver/Src/stm32l4xx_hal_pwr_ex.o
 .debug_aranges
                0x0000000000000548       0x98 ./Drivers/STM32L4xx_HAL_Driver/Src/stm32l4xx_hal_rcc.o
 .debug_aranges
                0x00000000000005e0       0x20 ../Core/Lib\libarm_cortexM4lf_math.a(arm_sin_f32.o)
 .debug_aranges
                0x0000000000000600       0x20 ../Core/Lib\libarm_cortexM4lf_math.a(arm_cos_f32.o)
 .debug_aranges
                0x0000000000000620       0x18 ../Core/Lib\libarm_cortexM4lf_math.a(arm_common_tables.o)

.debug_str      0x0000000000000000    0xf9aad
 .debug_str     0x0000000000000000       0x95 ./Core/Src/asmSqrt.o
 .debug_str     0x0000000000000095       0x20 ./Core/Src/asmTranscendental.o
                                         0x9f (size before relaxing)
 .debug_str     0x00000000000000b5    0xf6df1 ./Core/Src/c_sqrt.o
                                      0xf71c1 (size before relaxing)
 .debug_str     0x00000000000f6ea6       0x7b ./Core/Src/c_trans.o
                                      0xf720e (size before relaxing)
 .debug_str     0x00000000000f6f21      0x4bc ./Core/Src/main.o
                                      0xf7688 (size before relaxing)
 .debug_str     0x00000000000f73dd       0x2c ./Core/Src/stm32l4xx_hal_msp.o
                                      0xf2e1b (size before relaxing)
 .debug_str     0x00000000000f7409       0xc9 ./Core/Src/stm32l4xx_it.o
                                      0xf2d35 (size before relaxing)
 .debug_str     0x00000000000f74d2       0xfc ./Core/Src/system_stm32l4xx.o
                                      0xf2ee2 (size before relaxing)
 .debug_str     0x00000000000f75ce       0x28 ./Core/Startup/startup_stm32l4s5vitx.o
                                         0xa7 (size before relaxing)
 .debug_str     0x00000000000f75f6      0xac9 ./Drivers/STM32L4xx_HAL_Driver/Src/stm32l4xx_hal.o
                                      0xf3ac0 (size before relaxing)
 .debug_str     0x00000000000f80bf      0x350 ./Drivers/STM32L4xx_HAL_Driver/Src/stm32l4xx_hal_cortex.o
                                      0xf374f (size before relaxing)
 .debug_str     0x00000000000f840f      0x5c1 ./Drivers/STM32L4xx_HAL_Driver/Src/stm32l4xx_hal_pwr_ex.o
                                      0xf34b5 (size before relaxing)
 .debug_str     0x00000000000f89d0      0x453 ./Drivers/STM32L4xx_HAL_Driver/Src/stm32l4xx_hal_rcc.o
                                      0xf3555 (size before relaxing)
 .debug_str     0x00000000000f8e23      0xc28 ../Core/Lib\libarm_cortexM4lf_math.a(arm_sin_f32.o)
                                        0xd42 (size before relaxing)
 .debug_str     0x00000000000f9a4b       0x34 ../Core/Lib\libarm_cortexM4lf_math.a(arm_cos_f32.o)
                                        0xd42 (size before relaxing)
 .debug_str     0x00000000000f9a7f       0x2e ../Core/Lib\libarm_cortexM4lf_math.a(arm_common_tables.o)
                                        0xd1d (size before relaxing)

.debug_rnglists
                0x0000000000000000      0x414
 .debug_rnglists
                0x0000000000000000       0x14 ./Core/Src/c_sqrt.o
 .debug_rnglists
                0x0000000000000014       0x1a ./Core/Src/c_trans.o
 .debug_rnglists
                0x000000000000002e       0x27 ./Core/Src/main.o
 .debug_rnglists
                0x0000000000000055       0x13 ./Core/Src/stm32l4xx_hal_msp.o
 .debug_rnglists
                0x0000000000000068       0x43 ./Core/Src/stm32l4xx_it.o
 .debug_rnglists
                0x00000000000000ab       0x1a ./Core/Src/system_stm32l4xx.o
 .debug_rnglists
                0x00000000000000c5       0x19 ./Core/Startup/startup_stm32l4s5vitx.o
 .debug_rnglists
                0x00000000000000de       0xdf ./Drivers/STM32L4xx_HAL_Driver/Src/stm32l4xx_hal.o
 .debug_rnglists
                0x00000000000001bd       0xce ./Drivers/STM32L4xx_HAL_Driver/Src/stm32l4xx_hal_cortex.o
 .debug_rnglists
                0x000000000000028b      0x115 ./Drivers/STM32L4xx_HAL_Driver/Src/stm32l4xx_hal_pwr_ex.o
 .debug_rnglists
                0x00000000000003a0       0x74 ./Drivers/STM32L4xx_HAL_Driver/Src/stm32l4xx_hal_rcc.o

.debug_macro    0x0000000000000000    0x2904e
 .debug_macro   0x0000000000000000      0x2be ./Core/Src/c_sqrt.o
 .debug_macro   0x00000000000002be      0xaa8 ./Core/Src/c_sqrt.o
 .debug_macro   0x0000000000000d66      0x19b ./Core/Src/c_sqrt.o
 .debug_macro   0x0000000000000f01       0x2e ./Core/Src/c_sqrt.o
 .debug_macro   0x0000000000000f2f       0x28 ./Core/Src/c_sqrt.o
 .debug_macro   0x0000000000000f57       0x22 ./Core/Src/c_sqrt.o
 .debug_macro   0x0000000000000f79       0x8e ./Core/Src/c_sqrt.o
 .debug_macro   0x0000000000001007       0x51 ./Core/Src/c_sqrt.o
 .debug_macro   0x0000000000001058      0x103 ./Core/Src/c_sqrt.o
 .debug_macro   0x000000000000115b       0x6a ./Core/Src/c_sqrt.o
 .debug_macro   0x00000000000011c5      0x1df ./Core/Src/c_sqrt.o
 .debug_macro   0x00000000000013a4       0x1c ./Core/Src/c_sqrt.o
 .debug_macro   0x00000000000013c0       0x22 ./Core/Src/c_sqrt.o
 .debug_macro   0x00000000000013e2       0xfb ./Core/Src/c_sqrt.o
 .debug_macro   0x00000000000014dd     0x1011 ./Core/Src/c_sqrt.o
 .debug_macro   0x00000000000024ee      0x11f ./Core/Src/c_sqrt.o
 .debug_macro   0x000000000000260d    0x1d292 ./Core/Src/c_sqrt.o
 .debug_macro   0x000000000001f89f       0x6d ./Core/Src/c_sqrt.o
 .debug_macro   0x000000000001f90c     0x38ed ./Core/Src/c_sqrt.o
 .debug_macro   0x00000000000231f9      0x174 ./Core/Src/c_sqrt.o
 .debug_macro   0x000000000002336d       0x5c ./Core/Src/c_sqrt.o
 .debug_macro   0x00000000000233c9     0x1910 ./Core/Src/c_sqrt.o
 .debug_macro   0x0000000000024cd9      0x7dc ./Core/Src/c_sqrt.o
 .debug_macro   0x00000000000254b5      0x1b9 ./Core/Src/c_sqrt.o
 .debug_macro   0x000000000002566e      0x225 ./Core/Src/c_sqrt.o
 .debug_macro   0x0000000000025893      0x486 ./Core/Src/c_sqrt.o
 .debug_macro   0x0000000000025d19      0x1ce ./Core/Src/c_sqrt.o
 .debug_macro   0x0000000000025ee7       0x43 ./Core/Src/c_sqrt.o
 .debug_macro   0x0000000000025f2a      0x23d ./Core/Src/c_sqrt.o
 .debug_macro   0x0000000000026167      0x241 ./Core/Src/c_sqrt.o
 .debug_macro   0x00000000000263a8      0x416 ./Core/Src/c_sqrt.o
 .debug_macro   0x00000000000267be       0x1c ./Core/Src/c_sqrt.o
 .debug_macro   0x00000000000267da       0xf2 ./Core/Src/c_sqrt.o
 .debug_macro   0x00000000000268cc      0x122 ./Core/Src/c_sqrt.o
 .debug_macro   0x00000000000269ee      0x3f6 ./Core/Src/c_sqrt.o
 .debug_macro   0x0000000000026de4      0x432 ./Core/Src/c_sqrt.o
 .debug_macro   0x0000000000027216       0x61 ./Core/Src/c_sqrt.o
 .debug_macro   0x0000000000027277       0x2a ./Core/Src/c_sqrt.o
 .debug_macro   0x00000000000272a1       0x43 ./Core/Src/c_sqrt.o
 .debug_macro   0x00000000000272e4       0x34 ./Core/Src/c_sqrt.o
 .debug_macro   0x0000000000027318       0x16 ./Core/Src/c_sqrt.o
 .debug_macro   0x000000000002732e       0x43 ./Core/Src/c_sqrt.o
 .debug_macro   0x0000000000027371       0x34 ./Core/Src/c_sqrt.o
 .debug_macro   0x00000000000273a5       0x10 ./Core/Src/c_sqrt.o
 .debug_macro   0x00000000000273b5       0x58 ./Core/Src/c_sqrt.o
 .debug_macro   0x000000000002740d       0x8e ./Core/Src/c_sqrt.o
 .debug_macro   0x000000000002749b       0x1c ./Core/Src/c_sqrt.o
 .debug_macro   0x00000000000274b7      0x177 ./Core/Src/c_sqrt.o
 .debug_macro   0x000000000002762e      0x369 ./Core/Src/c_sqrt.o
 .debug_macro   0x0000000000027997       0x10 ./Core/Src/c_sqrt.o
 .debug_macro   0x00000000000279a7       0x35 ./Core/Src/c_sqrt.o
 .debug_macro   0x00000000000279dc       0x20 ./Core/Src/c_sqrt.o
 .debug_macro   0x00000000000279fc      0x19b ./Core/Src/c_sqrt.o
 .debug_macro   0x0000000000027b97      0x201 ./Core/Src/c_sqrt.o
 .debug_macro   0x0000000000027d98       0xc8 ./Core/Src/c_sqrt.o
 .debug_macro   0x0000000000027e60      0x2c4 ./Core/Src/c_trans.o
 .debug_macro   0x0000000000028124      0x2c8 ./Core/Src/main.o
 .debug_macro   0x00000000000283ec      0x1b0 ./Core/Src/stm32l4xx_hal_msp.o
 .debug_macro   0x000000000002859c      0x1ba ./Core/Src/stm32l4xx_it.o
 .debug_macro   0x0000000000028756      0x1a6 ./Core/Src/system_stm32l4xx.o
 .debug_macro   0x00000000000288fc      0x1f4 ./Drivers/STM32L4xx_HAL_Driver/Src/stm32l4xx_hal.o
 .debug_macro   0x0000000000028af0      0x1a6 ./Drivers/STM32L4xx_HAL_Driver/Src/stm32l4xx_hal_cortex.o
 .debug_macro   0x0000000000028c96      0x1d0 ./Drivers/STM32L4xx_HAL_Driver/Src/stm32l4xx_hal_pwr_ex.o
 .debug_macro   0x0000000000028e66      0x1e8 ./Drivers/STM32L4xx_HAL_Driver/Src/stm32l4xx_hal_rcc.o

.debug_frame    0x0000000000000000     0x17ac
 .debug_frame   0x0000000000000000       0x38 ./Core/Src/c_sqrt.o
 .debug_frame   0x0000000000000038       0x5c ./Core/Src/c_trans.o
 .debug_frame   0x0000000000000094       0x98 ./Core/Src/main.o
 .debug_frame   0x000000000000012c       0x38 ./Core/Src/stm32l4xx_hal_msp.o
 .debug_frame   0x0000000000000164      0x104 ./Core/Src/stm32l4xx_it.o
 .debug_frame   0x0000000000000268       0x58 ./Core/Src/system_stm32l4xx.o
 .debug_frame   0x00000000000002c0      0x498 ./Drivers/STM32L4xx_HAL_Driver/Src/stm32l4xx_hal.o
 .debug_frame   0x0000000000000758      0x498 ./Drivers/STM32L4xx_HAL_Driver/Src/stm32l4xx_hal_cortex.o
 .debug_frame   0x0000000000000bf0      0x5c4 ./Drivers/STM32L4xx_HAL_Driver/Src/stm32l4xx_hal_pwr_ex.o
 .debug_frame   0x00000000000011b4      0x248 ./Drivers/STM32L4xx_HAL_Driver/Src/stm32l4xx_hal_rcc.o
 .debug_frame   0x00000000000013fc       0x20 ../Core/Lib\libarm_cortexM4lf_math.a(arm_sin_f32.o)
 .debug_frame   0x000000000000141c       0x20 ../Core/Lib\libarm_cortexM4lf_math.a(arm_cos_f32.o)
 .debug_frame   0x000000000000143c      0x13c C:/ST/STM32CubeIDE_1.13.1/STM32CubeIDE/plugins/com.st.stm32cube.ide.mcu.externaltools.gnu-tools-for-stm32.11.3.rel1.win32_1.1.0.202305231506/tools/bin/../lib/gcc/arm-none-eabi/11.3.1/../../../../arm-none-eabi/lib/thumb/v7e-m+fp/hard\libc_nano.a(libc_a-findfp.o)
 .debug_frame   0x0000000000001578       0x20 C:/ST/STM32CubeIDE_1.13.1/STM32CubeIDE/plugins/com.st.stm32cube.ide.mcu.externaltools.gnu-tools-for-stm32.11.3.rel1.win32_1.1.0.202305231506/tools/bin/../lib/gcc/arm-none-eabi/11.3.1/../../../../arm-none-eabi/lib/thumb/v7e-m+fp/hard\libc_nano.a(libc_a-memset.o)
 .debug_frame   0x0000000000001598       0x20 C:/ST/STM32CubeIDE_1.13.1/STM32CubeIDE/plugins/com.st.stm32cube.ide.mcu.externaltools.gnu-tools-for-stm32.11.3.rel1.win32_1.1.0.202305231506/tools/bin/../lib/gcc/arm-none-eabi/11.3.1/../../../../arm-none-eabi/lib/thumb/v7e-m+fp/hard\libc_nano.a(libc_a-errno.o)
 .debug_frame   0x00000000000015b8       0x2c C:/ST/STM32CubeIDE_1.13.1/STM32CubeIDE/plugins/com.st.stm32cube.ide.mcu.externaltools.gnu-tools-for-stm32.11.3.rel1.win32_1.1.0.202305231506/tools/bin/../lib/gcc/arm-none-eabi/11.3.1/../../../../arm-none-eabi/lib/thumb/v7e-m+fp/hard\libc_nano.a(libc_a-init.o)
 .debug_frame   0x00000000000015e4       0x38 C:/ST/STM32CubeIDE_1.13.1/STM32CubeIDE/plugins/com.st.stm32cube.ide.mcu.externaltools.gnu-tools-for-stm32.11.3.rel1.win32_1.1.0.202305231506/tools/bin/../lib/gcc/arm-none-eabi/11.3.1/../../../../arm-none-eabi/lib/thumb/v7e-m+fp/hard\libm.a(libm_a-wf_sqrt.o)
 .debug_frame   0x000000000000161c       0x20 C:/ST/STM32CubeIDE_1.13.1/STM32CubeIDE/plugins/com.st.stm32cube.ide.mcu.externaltools.gnu-tools-for-stm32.11.3.rel1.win32_1.1.0.202305231506/tools/bin/../lib/gcc/arm-none-eabi/11.3.1/../../../../arm-none-eabi/lib/thumb/v7e-m+fp/hard\libm.a(libm_a-ef_sqrt.o)
 .debug_frame   0x000000000000163c       0xac C:/ST/STM32CubeIDE_1.13.1/STM32CubeIDE/plugins/com.st.stm32cube.ide.mcu.externaltools.gnu-tools-for-stm32.11.3.rel1.win32_1.1.0.202305231506/tools/bin/../lib/gcc/arm-none-eabi/11.3.1/thumb/v7e-m+fp/hard\libgcc.a(_arm_addsubdf3.o)
 .debug_frame   0x00000000000016e8       0xc4 C:/ST/STM32CubeIDE_1.13.1/STM32CubeIDE/plugins/com.st.stm32cube.ide.mcu.externaltools.gnu-tools-for-stm32.11.3.rel1.win32_1.1.0.202305231506/tools/bin/../lib/gcc/arm-none-eabi/11.3.1/thumb/v7e-m+fp/hard\libgcc.a(_arm_cmpdf2.o)

.debug_loc      0x0000000000000000      0x1f4
 .debug_loc     0x0000000000000000       0xfa ../Core/Lib\libarm_cortexM4lf_math.a(arm_sin_f32.o)
 .debug_loc     0x00000000000000fa       0xfa ../Core/Lib\libarm_cortexM4lf_math.a(arm_cos_f32.o)

.debug_ranges   0x0000000000000000       0x20
 .debug_ranges  0x0000000000000000       0x10 ../Core/Lib\libarm_cortexM4lf_math.a(arm_sin_f32.o)
 .debug_ranges  0x0000000000000010       0x10 ../Core/Lib\libarm_cortexM4lf_math.a(arm_cos_f32.o)
