16:55:47 **** Incremental Build of configuration Debug for project Lab 1 ****
make -j12 all 
arm-none-eabi-gcc -mcpu=cortex-m4 -g3 -DDEBUG -c -x assembler-with-cpp -MMD -MP -MF"Core/Src/asmTranscendental.d" -MT"Core/Src/asmTranscendental.o" --specs=nano.specs -mfpu=fpv4-sp-d16 -mfloat-abi=hard -mthumb -o "Core/Src/asmTranscendental.o" "../Core/Src/asmTranscendental.s"
../Core/Src/asmTranscendental.s: Assembler messages:
../Core/Src/asmTranscendental.s:31: Warning: register range not in ascending order
../Core/Src/asmTranscendental.s:92: Warning: register range not in ascending order
arm-none-eabi-gcc -o "Lab 1.elf" @"objects.list"  -larm_cortexM4lf_math -mcpu=cortex-m4 -T"C:\Users\Administrator\OneDrive\Desktop\Assignments\Semester 5 (F2023)\ECSE 444\workspace_stm32cubeIDE\Lab 1\STM32L4S5VITX_FLASH.ld" --specs=nosys.specs -Wl,-Map="Lab 1.map" -Wl,--gc-sections -static -L../Core/Lib --specs=nano.specs -mfpu=fpv4-sp-d16 -mfloat-abi=hard -mthumb -Wl,--start-group -lc -lm -Wl,--end-group
Finished building target: Lab 1.elf
 
arm-none-eabi-size   Lab\ 1.elf 
arm-none-eabi-objdump -h -S  Lab\ 1.elf  > "Lab 1.list"
   text	   data	    bss	    dec	    hex	filename
  10244	    100	   1884	  12228	   2fc4	Lab 1.elf
Finished building: default.size.stdout
 
Finished building: Lab 1.list
 
16:56:26 **** Incremental Build of configuration Debug for project Lab 1 ****
make -j12 all 
arm-none-eabi-gcc "../Core/Src/main.c" -mcpu=cortex-m4 -std=gnu11 -g3 -DDEBUG -DUSE_HAL_DRIVER -DSTM32L4S5xx -c -I../Core/Inc -I../Drivers/STM32L4xx_HAL_Driver/Inc -I../Drivers/STM32L4xx_HAL_Driver/Inc/Legacy -I../Drivers/CMSIS/Device/ST/STM32L4xx/Include -I../Drivers/CMSIS/Include -O0 -ffunction-sections -fdata-sections -Wall -fstack-usage -fcyclomatic-complexity -MMD -MP -MF"Core/Src/main.d" -MT"Core/Src/main.o" --specs=nano.specs -mfpu=fpv4-sp-d16 -mfloat-abi=hard -mthumb -o "Core/Src/main.o"
../Core/Src/main.c: In function 'main':
../Core/Src/main.c:103:19: warning: unused variable 'phi' [-Wunused-variable]
  103 |   const float32_t phi = 1;
      |                   ^~~
../Core/Src/main.c:102:19: warning: unused variable 'omega' [-Wunused-variable]
  102 |   const float32_t omega = 1;
      |                   ^~~~~
../Core/Src/main.c:95:9: warning: unused variable 'array' [-Wunused-variable]
   95 |   float array[10] = {48.21, 79.48, 24.27, 28.82, 78.24, 88.49, 31.19, 5.52, 82.70, 77.73};
      |         ^~~~~
../Core/Src/main.c:93:12: warning: unused variable 'maxIndex' [-Wunused-variable]
   93 |   uint32_t maxIndex;
      |            ^~~~~~~~
../Core/Src/main.c:92:9: warning: unused variable 'max' [-Wunused-variable]
   92 |   float max = 0;
      |         ^~~
arm-none-eabi-gcc -o "Lab 1.elf" @"objects.list"  -larm_cortexM4lf_math -mcpu=cortex-m4 -T"C:\Users\Administrator\OneDrive\Desktop\Assignments\Semester 5 (F2023)\ECSE 444\workspace_stm32cubeIDE\Lab 1\STM32L4S5VITX_FLASH.ld" --specs=nosys.specs -Wl,-Map="Lab 1.map" -Wl,--gc-sections -static -L../Core/Lib --specs=nano.specs -mfpu=fpv4-sp-d16 -mfloat-abi=hard -mthumb -Wl,--start-group -lc -lm -Wl,--end-group
Finished building target: Lab 1.elf
 
arm-none-eabi-size   Lab\ 1.elf 
arm-none-eabi-objdump -h -S  Lab\ 1.elf  > "Lab 1.list"
   text	   data	    bss	    dec	    hex	filename
  10244	    100	   1884	  12228	   2fc4	Lab 1.elf
Finished building: default.size.stdout
 
Finished building: Lab 1.list
 
